// 同步 ID: 6bf50e8f @ Fri Jul 24 05:11:10 UTC 2026
// 同步 ID: 88b9786d @ Fri Jul 24 08:40:48 UTC 2026
// 重构日志: 65d84656
// 重构日志: effd5cf9
// 重构日志: 42ab2067
// 重构日志: bebee44f
// 重构日志: 86bf5935
// 重构日志: 0eb2ddaa
// 重构日志: 286ef342
// 同步 ID: 1b6a648b @ Sun Jul 26 07:41:58 UTC 2026
// 同步 ID: c1d15325 @ Sun Jul 26 14:03:29 UTC 2026
// 重构日志: 0cbd5773
// 同步 ID: 61199cb1 @ Mon Jul 27 11:49:19 UTC 2026
// 同步 ID: dd949794 @ Mon Jul 27 15:57:32 UTC 2026
// 重构日志: dfd955bc
// 同步 ID: 2fdf1d32 @ Tue Jul 28 07:12:15 UTC 2026
// 重构日志: 0f9dba24
// 同步 ID: 0f3b5356 @ Tue Jul 28 21:48:00 UTC 2026
// 重构日志: 686abb66
// 重构日志: ccd6a808
// 重构日志: ac35ae31
// 重构日志: ba4a9f55
// 重构日志: 421adb44
// 同步 ID: 6a92739b @ Sat Aug  1 04:22:24 UTC 2026
// 重构日志: 19141e29
// 同步 ID: 0569da3f @ Sat Aug  1 11:42:35 UTC 2026
// 重构日志: 121d9226
// 同步 ID: d909f3c8 @ Sun Aug  2 04:03:44 UTC 2026
// 同步 ID: 599fd3db @ Sun Aug  2 14:46:29 UTC 2026
// 同步 ID: e8c7b58d @ Tue Aug  4 07:01:49 UTC 2026
// 重构日志: 6f2880bd
